Microchip MPLAB XC8 Compiler V3.00

Linker command line:

-W-3 \
  --edf=C:\Program Files\Microchip\xc8\v3.00\pic\dat\20241204225717_en.msgs \
  -cn -h+dist/default/debug\HB_TEMP_ADC_UART_Tx_Rx_I2C_Display.X.debug.sym \
  --cmf=dist/default/debug\HB_TEMP_ADC_UART_Tx_Rx_I2C_Display.X.debug.cmf \
  -z -Q16F886 -oC:\Users\SiMask\AppData\Local\Temp\xcAsf9k.\driver_tmp_3.o \
  --defsym=__MPLAB_BUILD=1 --fixupoverflow=error \
  -Mdist/default/debug/HB_TEMP_ADC_UART_Tx_Rx_I2C_Display.X.debug.map \
  --md=C:\Users\SiMask\AppData\Local\Temp\xcAsf9k.\driver_tmp_0.dat -E1 \
  -ver=XC8 Compiler -ACODE=00h-07FFhx3,01800h-01EFFh -ASTRCODE=00h-01EFFh \
  -ASTRING=00h-0FFhx31 -ACONST=00h-0FFhx31 -AENTRY=00h-0FFhx31 \
  -ACOMMON=071h-07Fh -ABANK0=020h-06Fh -ABANK1=0A0h-0EFh \
  -ABANK2=0110h-016Fh -ABANK3=0190h-01E4h \
  -ARAM=020h-06Fh,0A0h-0EFh,0110h-016Fh,0190h-01E4h \
  -AABS1=020h-07Fh,0A0h-0EFh,0110h-016Fh,0190h-01EFh -ASFR0=00h-01Fh \
  -ASFR1=080h-09Fh -ASFR2=0100h-010Fh -ASFR3=0180h-018Fh \
  -ACONFIG=02007h-02008h -DCONFIG=2 -AIDLOC=02000h-02003h -DIDLOC=2 \
  -AEEDATA=00h-0FFh/02100h -peeprom_data=EEDATA -DEEDATA=2 -DCODE=2 \
  -DSTRCODE=2 -DSTRING=2 -DCONST=2 -DENTRY=2 \
  -preset_vec=00h,intentry=04h,sivt,init,end_init -ppowerup=CODE \
  -pcinit=CODE -pfunctab=ENTRY -k \
  C:\Users\SiMask\AppData\Local\Temp\xcAsf9k.\driver_tmp_17.o \
  dist/default/debug\HB_TEMP_ADC_UART_Tx_Rx_I2C_Display.X.debug.o 

Object code version is 3.11

Machine type is 16F886



                Name                               Link     Load   Length Selector   Space Scale
C:\Users\SiMask\AppData\Local\Temp\xcAsf9k.\driver_tmp_17.o
                end_init                              E        E        3        8       0
                reset_vec                             0        0        4        0       0
                config                             2007     2007        1        0       4
dist/default/debug\HB_TEMP_ADC_UART_Tx_Rx_I2C_Display.X.debug.o
                cinit                               7C5      7C5       3B      F8A       0
                intentry                              4        4        A        8       0
                config                             2007     2007        1        0       4
                text41                              C22      C22       3E     1844       0
                text40                              9A9      9A9        F     1352       0
                text39                              C60      C60       3E     18C0       0
                text38                              975      975        D     12EA       0
                text37                              982      982        D     1304       0
                text36                              98F      98F        D     131E       0
                text35                              9B8      9B8       10     1370       0
                text34                              9FC      9FC       19     13F8       0
                text33                              A76      A76       24     14EC       0
                text32                              B5C      B5C       29     16B8       0
                text31                              9D8      9D8       12     13B0       0
                text30                              B85      B85       30     170A       0
                text29                              ABF      ABF       26     157E       0
                text28                              B0C      B0C       28     1618       0
                text27                              E64      E64       66     1CC8       0
                text26                              9C8      9C8       10     1390       0
                text25                              ECA      ECA       96     1D94       0
                text24                              DFF      DFF       65     1BFE       0
                text23                              CE2      CE2       59     19C4       0
                text22                              1A3      1A3       CE      346       0
                text21                              A31      A31       22     1462       0
                text20                              D3B      D3B       62     1A76       0
                text19                              B34      B34       28     1668       0
                text18                              99C      99C        D     1338       0
                text17                              271      271       E0      4E2       0
                text16                              BB5      BB5       33     176A       0
                text15                              AE5      AE5       27     15CA       0
                text14                              D9D      D9D       62     1B3A       0
                text13                              9EA      9EA       12     13D4       0
                text12                              964      964        7     12C8       0
                text11                              96B      96B        A     12D6       0
                text10                              A15      A15       1C     142A       0
                text9                               C9E      C9E       44     193C       0
                text8                               BE8      BE8       3A     17D0       0
                text7                               95F      95F        1     12BE       0
                text6                               F60      F60       A0     1EC0       0
                text5                                19       19       C4       32       0
                text4                               A9A      A9A       25     1534       0
                text3                               A53      A53       23     14A6       0
                text2                                DD       DD       C6      1BA       0
                text1                               351      351      19B      6A2       0
                maintext                            4EC      4EC      2D9      9D8       0
                cstackBANK0                          20       20       49       20       1
                cstackCOMMON                         71       71        6       71       1
                cstackBANK1                          A0       A0       2B       A0       1
                clrtext                              11       11        8        8       0
                bssBANK3                            190      190       48      190       1
                dataBANK1                            E7       E7        3       A0       1
                bssBANK1                             CB       CB       1C       A0       1
                bssBANK0                             69       69        7       20       1
                dataCOMMON                           79       79        1       71       1
                bssCOMMON                            77       77        2       71       1
                strings                             800      800       7D     1000       0
                idataBANK1                          961      961        3     12C2       0
                idataCOMMON                         960      960        1     12C0       0

TOTAL           Name                               Link     Load   Length     Space
        CLASS   CODE           
                end_init                              E        E        3         0
                cinit                               7C5      7C5       3B         0
                intentry                              4        4        A         0
                reset_vec                             0        0        4         0
                text41                              C22      C22       3E         0
                text40                              9A9      9A9        F         0
                text39                              C60      C60       3E         0
                text38                              975      975        D         0
                text37                              982      982        D         0
                text36                              98F      98F        D         0
                text35                              9B8      9B8       10         0
                text34                              9FC      9FC       19         0
                text33                              A76      A76       24         0
                text32                              B5C      B5C       29         0
                text31                              9D8      9D8       12         0
                text30                              B85      B85       30         0
                text29                              ABF      ABF       26         0
                text28                              B0C      B0C       28         0
                text27                              E64      E64       66         0
                text26                              9C8      9C8       10         0
                text25                              ECA      ECA       96         0
                text24                              DFF      DFF       65         0
                text23                              CE2      CE2       59         0
                text22                              1A3      1A3       CE         0
                text21                              A31      A31       22         0
                text20                              D3B      D3B       62         0
                text19                              B34      B34       28         0
                text18                              99C      99C        D         0
                text17                              271      271       E0         0
                text16                              BB5      BB5       33         0
                text15                              AE5      AE5       27         0
                text14                              D9D      D9D       62         0
                text13                              9EA      9EA       12         0
                text12                              964      964        7         0
                text11                              96B      96B        A         0
                text10                              A15      A15       1C         0
                text9                               C9E      C9E       44         0
                text8                               BE8      BE8       3A         0
                text7                               95F      95F        1         0
                text6                               F60      F60       A0         0
                text5                                19       19       C4         0
                text4                               A9A      A9A       25         0
                text3                               A53      A53       23         0
                text2                                DD       DD       C6         0
                text1                               351      351      19B         0
                maintext                            4EC      4EC      2D9         0
                clrtext                              11       11        8         0
                idataBANK1                          961      961        3         0
                idataCOMMON                         960      960        1         0

        CLASS   STRCODE        

        CLASS   STRING         
                strings                             800      800       7D         0

        CLASS   CONST          

        CLASS   ENTRY          

        CLASS   COMMON         
                cstackCOMMON                         71       71        6         1
                dataCOMMON                           79       79        1         1
                bssCOMMON                            77       77        2         1

        CLASS   BANK0          
                cstackBANK0                          20       20       49         1
                bssBANK0                             69       69        7         1

        CLASS   BANK1          
                cstackBANK1                          A0       A0       2B         1
                dataBANK1                            E7       E7        3         1
                bssBANK1                             CB       CB       1C         1

        CLASS   BANK2          

        CLASS   BANK3          
                bssBANK3                            190      190       48         1

        CLASS   RAM            

        CLASS   ABS1           
                abs_s1                               7E       7E        2         1

        CLASS   SFR0           

        CLASS   SFR1           

        CLASS   SFR2           

        CLASS   SFR3           

        CLASS   CONFIG         
                config                             2007     2007        1         4

        CLASS   IDLOC          

        CLASS   EEDATA         

        CLASS   HEAP           

        CLASS   STACK          



SEGMENTS        Name                           Load    Length   Top    Selector   Space  Class     Delta

                reset_vec                      000000  000004  000004         0       0  CODE        2
                intentry                       000004  000015  000019         8       0  CODE        2
                cstackBANK0                    000020  000050  000070        20       1  BANK0       1
                text5                          000019  0000C4  0000DD        32       0  CODE        2
                cstackCOMMON                   000071  000009  00007A        71       1  COMMON      1
                cstackBANK1                    0000A0  00004A  0000EA        A0       1  BANK1       1
                bssBANK3                       000190  000048  0001D8       190       1  BANK3       1
                text2                          0000DD  0000C6  0001A3       1BA       0  CODE        2
                text22                         0001A3  0000CE  000271       346       0  CODE        2
                text17                         000271  0000E0  000351       4E2       0  CODE        2
                text1                          000351  00019B  0004EC       6A2       0  CODE        2
                maintext                       0004EC  0002D9  0007C5       9D8       0  CODE        2
                cinit                          0007C5  00003B  000800       F8A       0  CODE        2
                strings                        000800  00007D  00087D      1000       0  STRING      2
                text7                          00095F  000001  000960      12BE       0  CODE        2
                idataCOMMON                    000960  000001  000961      12C0       0  CODE        2
                idataBANK1                     000961  000003  000964      12C2       0  CODE        2
                text12                         000964  000007  00096B      12C8       0  CODE        2
                text11                         00096B  00000A  000975      12D6       0  CODE        2
                text38                         000975  00000D  000982      12EA       0  CODE        2
                text37                         000982  00000D  00098F      1304       0  CODE        2
                text36                         00098F  00000D  00099C      131E       0  CODE        2
                text18                         00099C  00000D  0009A9      1338       0  CODE        2
                text40                         0009A9  00000F  0009B8      1352       0  CODE        2
                text35                         0009B8  000010  0009C8      1370       0  CODE        2
                text26                         0009C8  000010  0009D8      1390       0  CODE        2
                text31                         0009D8  000012  0009EA      13B0       0  CODE        2
                text13                         0009EA  000012  0009FC      13D4       0  CODE        2
                text34                         0009FC  000019  000A15      13F8       0  CODE        2
                text10                         000A15  00001C  000A31      142A       0  CODE        2
                text21                         000A31  000022  000A53      1462       0  CODE        2
                text3                          000A53  000023  000A76      14A6       0  CODE        2
                text33                         000A76  000024  000A9A      14EC       0  CODE        2
                text4                          000A9A  000025  000ABF      1534       0  CODE        2
                text29                         000ABF  000026  000AE5      157E       0  CODE        2
                text15                         000AE5  000027  000B0C      15CA       0  CODE        2
                text28                         000B0C  000028  000B34      1618       0  CODE        2
                text19                         000B34  000028  000B5C      1668       0  CODE        2
                text32                         000B5C  000029  000B85      16B8       0  CODE        2
                text30                         000B85  000030  000BB5      170A       0  CODE        2
                text16                         000BB5  000033  000BE8      176A       0  CODE        2
                text8                          000BE8  00003A  000C22      17D0       0  CODE        2
                text41                         000C22  00003E  000C60      1844       0  CODE        2
                text39                         000C60  00003E  000C9E      18C0       0  CODE        2
                text9                          000C9E  000044  000CE2      193C       0  CODE        2
                text23                         000CE2  000059  000D3B      19C4       0  CODE        2
                text20                         000D3B  000062  000D9D      1A76       0  CODE        2
                text14                         000D9D  000062  000DFF      1B3A       0  CODE        2
                text24                         000DFF  000065  000E64      1BFE       0  CODE        2
                text27                         000E64  000066  000ECA      1CC8       0  CODE        2
                text25                         000ECA  000096  000F60      1D94       0  CODE        2
                text6                          000F60  0000A0  001000      1EC0       0  CODE        2


UNUSED ADDRESS RANGES

        Name                Unused          Largest block    Delta
        BANK1            00EA-00EF              6           1
        BANK2            0110-016F             60           1
        BANK3            01D8-01E4              D           1
        CODE             087D-095E             E2           2
                         1000-1EFF            800
        COMMON           007A-007D              4           1
        CONFIG           2008-2008              1           2
        CONST            087D-095E             83           2
                         1000-1EFF            100
        EEDATA           2100-21FF            100           2
        ENTRY            087D-095E             83           2
                         1000-1EFF            100
        IDLOC            2000-2003              4           2
        RAM              00EA-00EF              6           1
                         0110-016F             60
                         01D8-01E4              D
        SFR0             0000-001F             20           1
        SFR1             0080-009F             20           1
        SFR2             0100-010F             10           1
        SFR3             0180-018F             10           1
        STRCODE          087D-095E             E2           2
                         1000-1EFF            F00
        STRING           087D-095E             83           2
                         1000-1EFF            100

                                  Symbol Table

?_ADC_Read                     cstackBANK0  0020
?_MAX30102_Temp_dC10           cstackBANK0  0024
?___awdiv                      cstackBANK0  0020
?___awmod                      cstackBANK0  0020
?___lwdiv                      cstackBANK0  0020
?___lwmod                      cstackBANK0  0020
?___wmul                       cstackBANK0  0020
?_millis                       cstackCOMMON 0075
?_sprintf                      cstackBANK0  003D
?_vfprintf                     cstackBANK0  0039
ADC_Read@ch0                   cstackBANK0  0022
ADC_Read@ch1                   cstackBANK0  0021
ADC_Read@ch2                   cstackBANK0  0020
ADC_Read@ch3                   cstackCOMMON 0076
Display_Sensor_Values@i        cstackBANK0  0031
Display_Sensor_Values@msg      cstackBANK0  0027
Display_Sensor_Values@sensorA  cstackBANK0  0029
Display_Sensor_Values@sensorB  cstackBANK0  002D
I2C_Read@d                     cstackCOMMON 0076
I2C_Read@more                  cstackCOMMON 0075
I2C_Write@d                    cstackCOMMON 0075
IO_Expander_Write@Data         cstackCOMMON 0076
ISR@received                   cstackCOMMON 0074
LCD_CMD@CMD                    cstackBANK0  0024
LCD_Init@I2C_Add               cstackBANK0  0027
LCD_PrintDeciC@b               cstackBANK0  002C
LCD_PrintDeciC@dC10            cstackBANK0  0028
LCD_PrintDeciC@fp              cstackBANK0  0032
LCD_PrintDeciC@i               cstackBANK0  0035
LCD_PrintDeciC@ip              cstackBANK0  0036
LCD_PrintDeciC@neg             cstackBANK0  0034
LCD_Set_Cursor@COL             cstackBANK0  0025
LCD_Set_Cursor@ROW             cstackBANK0  0026
LCD_Write_4Bit@Nibble          cstackBANK0  0021
LCD_Write_Char@Data            cstackBANK0  0023
LCD_Write_String@Str           cstackBANK0  0024
MAX30102_ReadFIFO@d            cstackBANK0  0032
MAX30102_ReadFIFO@i            cstackBANK0  0038
MAX30102_ReadFIFO@ir           cstackBANK0  0021
MAX30102_ReadFIFO@red          cstackBANK0  0020
MAX30102_Temp_dC10@frac        cstackBANK0  002A
MAX30102_Temp_dC10@tfrac       cstackBANK0  002D
MAX30102_Temp_dC10@tint        cstackBANK0  002C
MAX_Read@reg                   cstackBANK0  0020
MAX_Read@v                     cstackBANK0  0021
MAX_Write@reg                  cstackBANK0  0020
MAX_Write@val                  cstackCOMMON 0076
UART_TxChar@ch                 cstackCOMMON 0075
UART_TxString@s                cstackCOMMON 0076
_ACKDT                         (abs)        048D
_ACKEN                         (abs)        048C
_ADCON0                        (abs)        001F
_ADCON1                        (abs)        009F
_ADC_Init                      text40       09A9
_ADC_Read                      text39       0C60
_ADCcode                       bssBANK1     00DC
_ADRESH                        (abs)        001E
_ADRESL                        (abs)        009E
_ANSEL                         (abs)        0188
_ANSELH                        (abs)        0189
_BF                            (abs)        04A0
_CHS0                          (abs)        00FA
_CHS1                          (abs)        00FB
_CHS2                          (abs)        00FC
_CHS3                          (abs)        00FD
_CIntData                      bssBANK1     00DA
_DHB                           dataBANK1    00E8
_Display_Sensor_Values         text27       0E64
_GO_nDONE                      (abs)        00F9
_I2C_Init                      text26       09C8
_I2C_Read                      text19       0B34
_I2C_Restart                   text18       099C
_I2C_Start                     text37       0982
_I2C_Stop                      text36       098F
_I2C_WaitIdle                  text38       0975
_I2C_Write                     text35       09B8
_INTCONbits                    (abs)        000B
_IO_Expander_Write             text34       09FC
_ISR                           text41       0C22
_LCD_CMD                       text32       0B5C
_LCD_Clear                     text31       09D8
_LCD_Init                      text25       0ECA
_LCD_PrintDeciC                text22       01A3
_LCD_Set_Cursor                text30       0B85
_LCD_Write_4Bit                text33       0A76
_LCD_Write_Char                text29       0ABF
_LCD_Write_String              text28       0B0C
_MAX30102_Init                 text20       0D3B
_MAX30102_ReadFIFO             text17       0271
_MAX30102_Temp_dC10            text14       0D9D
_MAX_Read                      text16       0BB5
_MAX_Write                     text21       0A31
_PEN                           (abs)        048A
_PIE1bits                      (abs)        008C
_PIR1bits                      (abs)        000C
_RC2                           (abs)        003A
_RCEN                          (abs)        048B
_RCREG                         (abs)        001A
_RCSTAbits                     (abs)        0018
_RS                            bssCOMMON    0078
_RSEN                          (abs)        0489
_SEN                           (abs)        0488
_SP                            bssBANK1     00DD
_SPBRG                         (abs)        0099
_SSPADD                        (abs)        0093
_SSPBUF                        (abs)        0013
_SSPCON                        (abs)        0014
_SSPCON2                       (abs)        0091
_SSPIF                         (abs)        0063
_SSPSTAT                       (abs)        0094
_Seat                          dataBANK1    00E9
_SystemStatus                  bssBANK1     00DB
_TRISC2                        (abs)        043A
_TRISC3                        (abs)        043B
_TRISC4                        (abs)        043C
_TXIF                          (abs)        0064
_TXREG                         (abs)        0019
_TXSTAbits                     (abs)        0098
_UART_Init                     text13       09EA
_UART_TxChar                   text11       096B
_UART_TxString                 text10       0A15
__H__absolute__                __absolute__ 0000
__Habs1                        abs1         0000
__Hbank0                       bank0        0000
__Hbank1                       bank1        0000
__Hbank2                       bank2        0000
__Hbank3                       bank3        0000
__HbssBANK0                    bssBANK0     0000
__HbssBANK1                    bssBANK1     0000
__HbssBANK3                    bssBANK3     0000
__HbssCOMMON                   bssCOMMON    0000
__Hcinit                       cinit        0800
__Hclrtext                     clrtext      0000
__Hcode                        code         0000
__Hcommon                      common       0000
__Hconfig                      config       2008
__HcstackBANK0                 cstackBANK0  0000
__HcstackBANK1                 cstackBANK1  0000
__HcstackCOMMON                cstackCOMMON 0000
__HdataBANK1                   dataBANK1    0000
__HdataCOMMON                  dataCOMMON   0000
__Heeprom_data                 eeprom_data  0000
__Hend_init                    end_init     0011
__Hfunctab                     functab      0000
__Hheap                        heap         0000
__HidataBANK1                  idataBANK1   0000
__HidataCOMMON                 idataCOMMON  0000
__Hinit                        init         000E
__Hintentry                    intentry     000E
__Hmaintext                    maintext     0000
__Hpowerup                     powerup      0000
__Hram                         ram          0000
__Hreset_vec                   reset_vec    0004
__Hsfr0                        sfr0         0000
__Hsfr1                        sfr1         0000
__Hsfr2                        sfr2         0000
__Hsfr3                        sfr3         0000
__Hsivt                        sivt         000E
__Hspace_0                     (abs)        1000
__Hspace_1                     (abs)        01D8
__Hspace_2                     (abs)        0000
__Hspace_3                     (abs)        0000
__Hspace_4                     (abs)        400F
__Hstack                       stack        0000
__Hstrings                     strings      0000
__Htext                        text         0000
__L__absolute__                __absolute__ 0000
__Labs1                        abs1         0000
__Lbank0                       bank0        0000
__Lbank1                       bank1        0000
__Lbank2                       bank2        0000
__Lbank3                       bank3        0000
__LbssBANK0                    bssBANK0     0000
__LbssBANK1                    bssBANK1     0000
__LbssBANK3                    bssBANK3     0000
__LbssCOMMON                   bssCOMMON    0000
__Lcinit                       cinit        07C5
__Lclrtext                     clrtext      0000
__Lcode                        code         0000
__Lcommon                      common       0000
__Lconfig                      config       0000
__LcstackBANK0                 cstackBANK0  0000
__LcstackBANK1                 cstackBANK1  0000
__LcstackCOMMON                cstackCOMMON 0000
__LdataBANK1                   dataBANK1    0000
__LdataCOMMON                  dataCOMMON   0000
__Leeprom_data                 eeprom_data  0000
__Lend_init                    end_init     000E
__Lfunctab                     functab      0000
__Lheap                        heap         0000
__LidataBANK1                  idataBANK1   0000
__LidataCOMMON                 idataCOMMON  0000
__Linit                        init         000E
__Lintentry                    intentry     0004
__Lmaintext                    maintext     0000
__Lpowerup                     powerup      0000
__Lram                         ram          0000
__Lreset_vec                   reset_vec    0000
__Lsfr0                        sfr0         0000
__Lsfr1                        sfr1         0000
__Lsfr2                        sfr2         0000
__Lsfr3                        sfr3         0000
__Lsivt                        sivt         000E
__Lspace_0                     (abs)        0000
__Lspace_1                     (abs)        0000
__Lspace_2                     (abs)        0000
__Lspace_3                     (abs)        0000
__Lspace_4                     (abs)        0000
__Lstack                       stack        0000
__Lstrings                     strings      0000
__Ltext                        text         0000
__S0                           (abs)        1000
__S1                           (abs)        01D8
__S3                           (abs)        0000
___awdiv                       text24       0DFF
___awdiv@counter               cstackBANK0  0024
___awdiv@dividend              cstackBANK0  0022
___awdiv@divisor               cstackBANK0  0020
___awdiv@quotient              cstackBANK0  0026
___awdiv@sign                  cstackBANK0  0025
___awmod                       text23       0CE2
___awmod@counter               cstackCOMMON 0075
___awmod@dividend              cstackBANK0  0022
___awmod@divisor               cstackBANK0  0020
___awmod@sign                  cstackCOMMON 0076
___heap_hi                     (abs)        0000
___heap_lo                     (abs)        0000
___int_sp                      stack        0000
___int_stack_hi                stack        0000
___int_stack_lo                stack        0000
___latbits                     (abs)        0002
___lwdiv                       text9        0C9E
___lwdiv@counter               cstackBANK0  0024
___lwdiv@dividend              cstackBANK0  0022
___lwdiv@divisor               cstackBANK0  0020
___lwdiv@quotient              cstackBANK0  0025
___lwmod                       text8        0BE8
___lwmod@counter               cstackCOMMON 0075
___lwmod@dividend              cstackBANK0  0022
___lwmod@divisor               cstackBANK0  0020
___sp                          stack        0000
___stack_hi                    stack        0000
___stack_lo                    stack        0000
___stackhi                     (abs)        0000
___stacklo                     (abs)        0000
___wmul                        text15       0AE5
___wmul@multiplicand           cstackBANK0  0022
___wmul@multiplier             cstackBANK0  0020
___wmul@product                cstackCOMMON 0075
__end_of_ADC_Init              text40       09B8
__end_of_ADC_Read              text39       0C9E
__end_of_Display_Sensor_Values text27       0ECA
__end_of_I2C_Init              text26       09D8
__end_of_I2C_Read              text19       0B5C
__end_of_I2C_Restart           text18       09A9
__end_of_I2C_Start             text37       098F
__end_of_I2C_Stop              text36       099C
__end_of_I2C_WaitIdle          text38       0982
__end_of_I2C_Write             text35       09C8
__end_of_IO_Expander_Write     text34       0A15
__end_of_ISR                   text41       0C60
__end_of_LCD_CMD               text32       0B85
__end_of_LCD_Clear             text31       09EA
__end_of_LCD_Init              text25       0F60
__end_of_LCD_PrintDeciC        text22       0271
__end_of_LCD_Set_Cursor        text30       0BB5
__end_of_LCD_Write_4Bit        text33       0A9A
__end_of_LCD_Write_Char        text29       0AE5
__end_of_LCD_Write_String      text28       0B34
__end_of_MAX30102_Init         text20       0D9D
__end_of_MAX30102_ReadFIFO     text17       0351
__end_of_MAX30102_Temp_dC10    text14       0DFF
__end_of_MAX_Read              text16       0BE8
__end_of_MAX_Write             text21       0A53
__end_of_UART_Init             text13       09FC
__end_of_UART_TxChar           text11       0975
__end_of_UART_TxString         text10       0A31
__end_of___awdiv               text24       0E64
__end_of___awmod               text23       0D3B
__end_of___lwdiv               text9        0CE2
__end_of___lwmod               text8        0C22
__end_of___wmul                text15       0B0C
__end_of__initialization       cinit        07FC
__end_of__stringtab            strings      0810
__end_of_fputc                 text6        1000
__end_of_main                  maintext     07C5
__end_of_millis                text12       096B
__end_of_process_heart_rate    text1        04EC
__end_of_putch                 text7        0960
__end_of_sprintf               text3        0A76
__end_of_update_bpm            text2        01A3
__end_of_vfpfcnvrt             text5        00DD
__end_of_vfprintf              text4        0ABF
__initialization               cinit        07C5
__pbssBANK0                    bssBANK0     0069
__pbssBANK1                    bssBANK1     00CB
__pbssBANK3                    bssBANK3     0190
__pbssCOMMON                   bssCOMMON    0077
__pcstackBANK0                 cstackBANK0  0020
__pcstackBANK1                 cstackBANK1  00A0
__pcstackCOMMON                cstackCOMMON 0071
__pdataBANK1                   dataBANK1    00E7
__pdataCOMMON                  dataCOMMON   0079
__pidataBANK1                  idataBANK1   0961
__pidataCOMMON                 idataCOMMON  0960
__pintentry                    intentry     0004
__pmaintext                    maintext     04EC
__pstrings                     strings      0800
__ptext1                       text1        0351
__ptext10                      text10       0A15
__ptext11                      text11       096B
__ptext12                      text12       0964
__ptext13                      text13       09EA
__ptext14                      text14       0D9D
__ptext15                      text15       0AE5
__ptext16                      text16       0BB5
__ptext17                      text17       0271
__ptext18                      text18       099C
__ptext19                      text19       0B34
__ptext2                       text2        00DD
__ptext20                      text20       0D3B
__ptext21                      text21       0A31
__ptext22                      text22       01A3
__ptext23                      text23       0CE2
__ptext24                      text24       0DFF
__ptext25                      text25       0ECA
__ptext26                      text26       09C8
__ptext27                      text27       0E64
__ptext28                      text28       0B0C
__ptext29                      text29       0ABF
__ptext3                       text3        0A53
__ptext30                      text30       0B85
__ptext31                      text31       09D8
__ptext32                      text32       0B5C
__ptext33                      text33       0A76
__ptext34                      text34       09FC
__ptext35                      text35       09B8
__ptext36                      text36       098F
__ptext37                      text37       0982
__ptext38                      text38       0975
__ptext39                      text39       0C60
__ptext4                       text4        0A9A
__ptext40                      text40       09A9
__ptext41                      text41       0C22
__ptext5                       text5        0019
__ptext6                       text6        0F60
__ptext7                       text7        095F
__ptext8                       text8        0BE8
__ptext9                       text9        0C9E
__stringbase                   strings      080F
__stringtab                    strings      0800
_bpm_buf                       bssBANK3     01D0
_bpm_index                     bssBANK0     006E
_buf_index                     bssBANK1     00D8
_dbuf                          bssBANK3     0190
_first_beat                    dataBANK1    00E7
_flags                         bssBANK0     006D
_fputc                         text6        0F60
_hrP                           bssBANK1     00DE
_i2c_add                       bssCOMMON    0077
_ir_buf                        bssBANK3     01B0
_last_peak_time                bssBANK1     00D5
_main                          maintext     04EC
_millis                        text12       0964
_msg_ready                     bssBANK1     00D9
_peak_detected                 bssBANK1     00D7
_prec                          bssBANK0     006B
_process_heart_rate            text1        0351
_putch                         text7        095F
_rx_buffer                     bssBANK1     00DF
_rx_index                      bssBANK0     006F
_sprintf                       text3        0A53
_timer_ms                      bssBANK1     00D3
_update_bpm                    text2        00DD
_vfpfcnvrt                     text5        0019
_vfprintf                      text4        0A9A
_width                         bssBANK0     0069
btemp                          (abs)        007E
clear_ram0                     clrtext      0011
end_of_initialization          cinit        07FC
fputc@c                        cstackBANK0  0020
fputc@fp                       cstackBANK0  0022
interrupt_function             intentry     0004
intlevel0                      functab      0000
intlevel1                      functab      0000
intlevel2                      functab      0000
intlevel3                      functab      0000
intlevel4                      functab      0000
intlevel5                      functab      0000
main@adc2                      cstackBANK1  00BB
main@adc3                      cstackBANK1  00BD
main@adc5                      cstackBANK1  00B3
main@adc6                      cstackBANK1  00B5
main@adc8                      cstackBANK1  00B7
main@adc9                      cstackBANK1  00B9
main@ir                        cstackBANK1  00C7
main@red                       cstackBANK1  00C1
main@t_dC10                    cstackBANK1  00BF
main@temp_tick                 cstackBANK1  00C5
process_heart_rate@avg         cstackBANK1  00A0
process_heart_rate@current_bpm cstackBANK1  00A4
process_heart_rate@dt          cstackBANK1  00B0
process_heart_rate@i           cstackBANK1  00B2
process_heart_rate@ir          cstackBANK0  005E
process_heart_rate@ir_ac       cstackBANK1  00AA
process_heart_rate@now         cstackBANK1  00AE
process_heart_rate@sum         cstackBANK1  00A6
reset_vec                      reset_vec    0000
saved_w                        (abs)        007E
sprintf@ap                     cstackBANK0  0042
sprintf@f                      cstackBANK0  0043
sprintf@fmt                    cstackBANK0  003E
sprintf@s                      cstackBANK0  003D
start                          init         000E
start_initialization           cinit        07C5
update_bpm@avg_bpm             cstackBANK0  005C
update_bpm@buffer              cstackBANK0  0053
update_bpm@i                   cstackBANK0  005B
update_bpm@new_bpm             cstackBANK0  004E
update_bpm@sum                 cstackBANK0  0059
vfpfcnvrt@ap                   cstackBANK0  0030
vfpfcnvrt@c                    cstackBANK0  0038
vfpfcnvrt@convarg              cstackBANK0  0033
vfpfcnvrt@cp                   cstackBANK0  0037
vfpfcnvrt@fmt                  cstackBANK0  002F
vfpfcnvrt@fp                   cstackBANK0  002D
vfprintf@ap                    cstackBANK0  003C
vfprintf@cfmt                  cstackCOMMON 0076
vfprintf@fmt                   cstackBANK0  003B
vfprintf@fp                    cstackBANK0  0039
wtemp0                         (abs)        007E


MODULE INFORMATION

Module		Function		Class		Link	Load	Size
C:\Program Files\Microchip\xc8\v3.00\pic\sources\c99\common\nf_fputc.c
		_fputc         		CODE           	0F60	0000	160

C:\Program Files\Microchip\xc8\v3.00\pic\sources\c99\common\nf_fputc.c estimated size: 160

C:\Program Files\Microchip\xc8\v3.00\pic\sources\c99\common\Umul16.c
		___wmul        		CODE           	0AE5	0000	39

C:\Program Files\Microchip\xc8\v3.00\pic\sources\c99\common\Umul16.c estimated size: 39

C:\Program Files\Microchip\xc8\v3.00\pic\sources\c99\common\nf_sprintf.c
		_sprintf       		CODE           	0A53	0000	35

C:\Program Files\Microchip\xc8\v3.00\pic\sources\c99\common\nf_sprintf.c estimated size: 35

C:\Program Files\Microchip\xc8\v3.00\pic\sources\c99\common\lwmod.c
		___lwmod       		CODE           	0BE8	0000	58

C:\Program Files\Microchip\xc8\v3.00\pic\sources\c99\common\lwmod.c estimated size: 58

C:\Program Files\Microchip\xc8\v3.00\pic\sources\c99\common\awmod.c
		___awmod       		CODE           	0CE2	0000	89

C:\Program Files\Microchip\xc8\v3.00\pic\sources\c99\common\awmod.c estimated size: 89

C:\Program Files\Microchip\xc8\v3.00\pic\sources\c99\common\putch.c
		_putch         		CODE           	095F	0000	1

C:\Program Files\Microchip\xc8\v3.00\pic\sources\c99\common\putch.c estimated size: 1

shared
		__stringtab    		STRING         	0800	0000	16
		__initialization		CODE           	07C5	0000	55

shared estimated size: 71

C:\Program Files\Microchip\xc8\v3.00\pic\sources\c99\common\lwdiv.c
		___lwdiv       		CODE           	0C9E	0000	68

C:\Program Files\Microchip\xc8\v3.00\pic\sources\c99\common\lwdiv.c estimated size: 68

C:\Program Files\Microchip\xc8\v3.00\pic\sources\c99\common\awdiv.c
		___awdiv       		CODE           	0DFF	0000	101

C:\Program Files\Microchip\xc8\v3.00\pic\sources\c99\common\awdiv.c estimated size: 101

main.c
		_millis        		CODE           	0964	0000	7
		_MAX30102_Temp_dC10		CODE           	0D9D	0000	98
		_LCD_Init      		CODE           	0ECA	0000	150
		_UART_TxString 		CODE           	0A15	0000	28
		_LCD_Write_4Bit		CODE           	0A76	0000	36
		_LCD_Write_Char		CODE           	0ABF	0000	38
		_ISR           		CODE           	0C22	0000	62
		_LCD_CMD       		CODE           	0B5C	0000	41
		_MAX30102_ReadFIFO		CODE           	0271	0000	224
		_UART_Init     		CODE           	09EA	0000	18
		_main          		CODE           	04EC	0000	729
		_I2C_Write     		CODE           	09B8	0000	16
		_update_bpm    		CODE           	00DD	0000	198
		_I2C_Stop      		CODE           	098F	0000	13
		_LCD_Set_Cursor		CODE           	0B85	0000	48
		_I2C_Read      		CODE           	0B34	0000	40
		_process_heart_rate		CODE           	0351	0000	411
		_LCD_Clear     		CODE           	09D8	0000	18
		_I2C_WaitIdle  		CODE           	0975	0000	13
		_I2C_Init      		CODE           	09C8	0000	16
		_MAX_Write     		CODE           	0A31	0000	34
		_Display_Sensor_Values		CODE           	0E64	0000	102
		_IO_Expander_Write		CODE           	09FC	0000	25
		_MAX30102_Init 		CODE           	0D3B	0000	98
		_MAX_Read      		CODE           	0BB5	0000	51
		_LCD_PrintDeciC		CODE           	01A3	0000	206
		_ADC_Read      		CODE           	0C60	0000	62
		_I2C_Start     		CODE           	0982	0000	13
		_ADC_Init      		CODE           	09A9	0000	15
		_UART_TxChar   		CODE           	096B	0000	10
		_LCD_Write_String		CODE           	0B0C	0000	40
		_I2C_Restart   		CODE           	099C	0000	13

main.c estimated size: 2873

C:\Program Files\Microchip\xc8\v3.00\pic\sources\c99\common\doprnt.c
		_vfpfcnvrt     		CODE           	0019	0000	196
		_vfprintf      		CODE           	0A9A	0000	37

C:\Program Files\Microchip\xc8\v3.00\pic\sources\c99\common\doprnt.c estimated size: 233

